YES
596
URRDDRRRRRRRRRRRRUUUURRUUUUUUUULLLLUULLDDLLLLDDLLUUUURRRRUUUUUULLUURRRRRRDDLLDDRRDDRRRRUULLUUUUUULLLLUUUUUUUURRRRDDLLDDDDRRRRRRDDRRDDDDDDRRUUUUUURRDDDDRRDDLLDDRRRRUURRUUUUUURRDDRRRRUURRDDDDRRRRDDDDDDDDLLDDLLUUUUUUUULLLLLLDDLLDDLLDDRRDDDDLLUULLUUUULLLLLLDDLLDDDDRRRRDDRRDDDDDDRRUUUURRUURRRRDDDDLLLLDDRRRRRRUUUURRRRDDRRDDRRRRUULLUUUUUURRRRRRDDDDDDRRDDRRUURRUULLLLUURRUURRRRRRUULLLLLLUURRRRRRUULLUUUUUUUURRUULLUULLDDDDDDLLUUUUUULLDDLLLLUULLUUUULLDDDDLLLLLLLLLLUUUUUURRDDDDRRRRUULLUURRUULLUULLLLLLUUUULLDDDDDDRRDDDDLLUULLUULLLLUURRUUUULLUURRUUUULLDDLLDDLLUUUULLDDDDDDLLUULLLLUUUULLDDLLDDLLLLUURRUULLL
