YES
353
DLLUULLLLUURRUULLLLUURRRRRRRRUULLUURRRRUUUUUULLLLUUUULLUURRUUUURRDDRRRRDDDDLLLLDDRRRRRRDDDDRRRRDDLLLLLLDDRRDDRRRRUURRDDDDLLLLLLDDRRRRRRRRDDLLDDRRDDLLDDRRDDLLLLUULLUUUUUULLDDLLDDDDLLLLLLDDDDDDDDRRRRRRUULLUULLUURRRRDDRRRRDDLLDDRRRRDDDDRRUURRDDDDLLDDRRDDDDDDLLDDDDRRDDDDLLUULLDDLLLLUURRUUUULLLLLLUULLLLLLDDRRRRDDRRRRDDLLLLLLDDLLLLLLUUUUUUUUUULLLLUUUUUUUUUU
