YES
570
ULLLUURRUUUULLLLDDDDDDDDRRRRDDRRRRDDLLDDRRDDDDLLUULLUUUULLLLDDDDDDDDDDRRDDRRRRRRDDLLDDRRRRUUUUUULLUURRRRDDDDDDRRUUUUUUUUUULLUUUULLUURRRRDDRRDDRRUURRDDDDLLLLDDRRDDDDRRRRDDLLDDLLLLDDDDRRUURRDDRRRRRRRRUURRUULLUUUUUUUULLUURRRRRRRRUULLUULLUULLUURRRRUUUUUULLUULLUURRUULLLLLLUURRRRUURRDDRRUUUULLLLUUUUUURRRRUULLLLLLUURRRRRRUURRDDRRUUUURRRRUUUURRRRDDLLDDRRDDDDDDDDDDLLLLUUUUUURRUULLLLDDDDDDLLLLDDLLLLDDRRRRRRDDDDRRDDLLDDLLDDDDRRRRRRUURRDDDDLLLLLLDDDDRRDDDDDDDDLLDDRRDDDDRRRRRRRRUULLUULLDDLLUUUUUUUUUURRDDRRDDDDRRRRUURRDDDDLLDDRRDDDDRRRRRRDDDDDDDDRRRRUULLUURRUULLUUUULLLLLLUURRRU
